../Src/main.c:49:5:main	8	static
../Src/main.c:71:6:task1_handler	4	static
../Src/main.c:77:6:task2_handler	4	static
../Src/main.c:82:6:task3_handler	4	static
../Src/main.c:87:6:task4_handler	4	static
../Src/main.c:94:6:init_systick_timer	32	static
../Src/main.c:114:29:init_schedular_stack	0	static,ignoring_inline_asm
../Src/main.c:121:6:init_tasks_stack	24	static
../Src/main.c:150:6:enable_processor_fault	16	static
../Src/main.c:159:10:get_psp_value	4	static
../Src/main.c:163:29:switch_sp_to_psp	0	static,ignoring_inline_asm
../Src/main.c:178:6:SysTick_Handler	4	static
../Src/main.c:183:6:HardFault_Handler	8	static
../Src/main.c:187:6:MemManage_Handler	8	static
../Src/main.c:191:6:BusFault_Handler	8	static
