../Src/main.c:55:5:main	8	static
../Src/main.c:74:6:idle_task	4	static
../Src/main.c:78:6:task1_handler	8	static
../Src/main.c:87:6:task2_handler	8	static
../Src/main.c:95:6:task3_handler	8	static
../Src/main.c:103:6:task4_handler	8	static
../Src/main.c:113:6:init_systick_timer	32	static
../Src/main.c:133:29:init_schedular_stack	0	static,ignoring_inline_asm
../Src/main.c:142:6:init_tasks_stack	24	static
../Src/main.c:189:6:enable_processor_fault	16	static
../Src/main.c:198:10:get_psp_value	4	static
../Src/main.c:202:6:save_psp_value	16	static
../Src/main.c:206:6:update_next_task	4	static
../Src/main.c:211:29:switch_sp_to_psp	0	static,ignoring_inline_asm
../Src/main.c:226:6:task_delay	16	static
../Src/main.c:231:29:SysTick_Handler	0	static,ignoring_inline_asm
../Src/main.c:251:6:HardFault_Handler	8	static
../Src/main.c:255:6:MemManage_Handler	8	static
../Src/main.c:259:6:BusFault_Handler	8	static
